****************************************
Report : threshold_voltage_group
Design : zcms_sixers_4lane_dbe_lane
Version: T-2022.03-SP4-VAL
Date   : Wed Aug 30 21:31:34 2023
****************************************

Cell Count Report
-----------------------------------------------------------------------------------------------------------------------------------------------------------------------------------------

Group Names                      All (%)       Repeaters (%)   Combinational (%)       Registers (%)     Sequentials (%)   Clock_network (%)           Macro (%)   Physical_only (%)
-----------------------------------------------------------------------------------------------------------------------------------------------------------------------------------------
LVT                     205940  (17.84%)     45012   (3.90%)    150466  (13.04%)      8628   (0.75%)         0   (0.00%)      1834   (0.16%)         0   (0.00%)         0   (0.00%)
SVT                     496643  (43.03%)     41104   (3.56%)    369877  (32.05%)     39311   (3.41%)         0   (0.00%)       863   (0.07%)         0   (0.00%)     45488   (3.94%)
ULVT                    451534  (39.12%)    108945   (9.44%)    319437  (27.68%)      6513   (0.56%)         0   (0.00%)      1218   (0.11%)         0   (0.00%)     15421   (1.34%)  L
-----------------------------------------------------------------------------------------------------------------------------------------------------------------------------------------
Total                  1154117 (100.00%)    195061  (16.90%)    839780  (72.76%)     54452   (4.72%)         0   (0.00%)      3915   (0.34%)         0   (0.00%)     60909   (5.28%)
Low vth groups          451534  (39.12%)    108945   (9.44%)    319437  (27.68%)      6513   (0.56%)         0   (0.00%)      1218   (0.11%)         0   (0.00%)     15421   (1.34%)
-----------------------------------------------------------------------------------------------------------------------------------------------------------------------------------------


Cell Area Report
-----------------------------------------------------------------------------------------------------------------------------------------------------------------------------------------

Group Names                      All (%)       Repeaters (%)   Combinational (%)       Registers (%)     Sequentials (%)   Clock_network (%)           Macro (%)   Physical_only (%)
-----------------------------------------------------------------------------------------------------------------------------------------------------------------------------------------
LVT                  31656.4639  (18.99%) 6013.1261   (3.61%) 18760.8341  (11.26%) 6253.9762   (3.75%)    0.0000   (0.00%)  628.5276   (0.38%)    0.0000   (0.00%)    0.0000   (0.00%)
SVT                  86159.6770  (51.69%) 2378.8015   (1.43%) 34649.7984  (20.79%) 39117.9600  (23.47%)    0.0000   (0.00%)  202.8060   (0.12%)    0.0000   (0.00%) 9810.3110   (5.89%)
ULVT                 48861.7726  (29.32%) 8622.5861   (5.17%) 34080.8882  (20.45%) 3685.8161   (2.21%)    0.0000   (0.00%)  206.7458   (0.12%)    0.0000   (0.00%) 2265.7363   (1.36%)  L
-----------------------------------------------------------------------------------------------------------------------------------------------------------------------------------------
Total                166677.9134 (100.00%) 17014.5137  (10.21%) 87491.5207  (52.49%) 49057.7522  (29.43%)    0.0000   (0.00%) 1038.0794   (0.62%)    0.0000   (0.00%) 12076.0474   (7.25%)
Low vth groups       48861.7726  (29.32%) 8622.5861   (5.17%) 34080.8882  (20.45%) 3685.8161   (2.21%)    0.0000   (0.00%)  206.7458   (0.12%)    0.0000   (0.00%) 2265.7363   (1.36%)
-----------------------------------------------------------------------------------------------------------------------------------------------------------------------------------------

Legend
L:		Low Vth group specified by user
1
